# aarch-qemu-2026-02-16-12-30-12.log CFLAGS = -O3  HLFLAGS = 
Filter/Null-3x3.pgm;3x3;320x240;349543;142659;233062;63;0
Filter/Null-3x3.pgm;3x3;640x480;1406393;572353;236312;63;0
Filter/Null-3x3.pgm;3x3;800x600;2215600;905131;240875;63;0
Filter/Null-3x3.pgm;3x3;1024x768;3627268;1469184;237437;63;0
Filter/Null-3x3.pgm;3x3;1280x960;5689271;2304321;239562;63;0
Filter/Null-3x3.pgm;3x3;1600x1200;8862559;3602193;232750;63;0
Filter/Null-3x3.pgm;3x3;2048x1536;14508596;5900193;234500;63;0
Filter/Id-3x3.pgm;3x3;320x240;352281;144325;234562;64;0
Filter/Id-3x3.pgm;3x3;640x480;1428112;583121;251250;64;0
Filter/Id-3x3.pgm;3x3;800x600;2221653;907368;235437;64;0
Filter/Id-3x3.pgm;3x3;1024x768;3644281;1482821;235188;64;0
Filter/Id-3x3.pgm;3x3;1280x960;5702500;2322728;233250;64;0
Filter/Id-3x3.pgm;3x3;1600x1200;8896728;3629653;234062;64;0
Filter/Id-3x3.pgm;3x3;2048x1536;14589246;5937631;234188;64;0
Filter/Blur-3x3.pgm;3x3;320x240;351100;193550;232187;72;0
Filter/Blur-3x3.pgm;3x3;640x480;1414400;777912;232000;72;0
Filter/Blur-3x3.pgm;3x3;800x600;2217528;1222487;233312;72;0
Filter/Blur-3x3.pgm;3x3;1024x768;3636634;1995196;232188;72;0
Filter/Blur-3x3.pgm;3x3;1280x960;5689734;3114253;232063;72;0
Filter/Blur-3x3.pgm;3x3;1600x1200;8905706;4915231;235375;72;0
Filter/Blur-3x3.pgm;3x3;2048x1536;14641496;8150896;239938;72;0
Filter/GaussianFilter-3x3.pgm;3x3;320x240;362765;161471;241625;76;0
Filter/GaussianFilter-3x3.pgm;3x3;640x480;1417046;655103;235562;76;0
Filter/GaussianFilter-3x3.pgm;3x3;800x600;2222046;1017350;236563;76;0
Filter/GaussianFilter-3x3.pgm;3x3;1024x768;3658525;1665775;235688;76;0
Filter/GaussianFilter-3x3.pgm;3x3;1280x960;5710765;2606556;237375;76;0
Filter/GaussianFilter-3x3.pgm;3x3;1600x1200;8895962;4062796;237687;76;0
Filter/GaussianFilter-3x3.pgm;3x3;2048x1536;14602365;6660506;234937;76;0
Filter/Synthetic-3x3.pgm;3x3;320x240;360128;204871;247688;90;0
Filter/Synthetic-3x3.pgm;3x3;640x480;1416434;823209;241813;90;0
Filter/Synthetic-3x3.pgm;3x3;800x600;2255618;1308878;245000;90;0
Filter/Synthetic-3x3.pgm;3x3;1024x768;3703656;2139250;241375;90;0
Filter/Synthetic-3x3.pgm;3x3;1280x960;5838909;3323050;241875;90;0
Filter/Synthetic-3x3.pgm;3x3;1600x1200;9081909;5274096;242187;90;0
Filter/Synthetic-3x3.pgm;3x3;2048x1536;14615328;8539703;241125;90;0
Filter/Null-5x5.pgm;5x5;320x240;675996;205812;500875;155;0
Filter/Null-5x5.pgm;5x5;640x480;2734628;838746;503625;155;0
Filter/Null-5x5.pgm;5x5;800x600;4292031;1318859;500375;155;0
Filter/Null-5x5.pgm;5x5;1024x768;7114081;2167768;506000;155;0
Filter/Null-5x5.pgm;5x5;1280x960;11246656;3424037;518437;155;0
Filter/Null-5x5.pgm;5x5;1600x1200;17417240;5296603;545500;155;0
Filter/Null-5x5.pgm;5x5;2048x1536;28567425;8713556;508375;155;0
Filter/Id-5x5.pgm;5x5;320x240;678093;203765;501187;156;0
Filter/Id-5x5.pgm;5x5;640x480;2747971;828228;500875;156;0
Filter/Id-5x5.pgm;5x5;800x600;4313725;1294425;501875;156;0
Filter/Id-5x5.pgm;5x5;1024x768;7069934;2136496;506687;156;0
Filter/Id-5x5.pgm;5x5;1280x960;11072146;3328071;501563;156;0
Filter/Id-5x5.pgm;5x5;1600x1200;17265065;5170646;503250;156;0
Filter/Id-5x5.pgm;5x5;2048x1536;28367553;8592956;505500;156;0
Filter/Blur-5x5.pgm;5x5;320x240;676668;285862;497375;180;0
Filter/Blur-5x5.pgm;5x5;640x480;2743859;1161150;499313;180;0
Filter/Blur-5x5.pgm;5x5;800x600;4301459;1914550;504750;180;0
Filter/Blur-5x5.pgm;5x5;1024x768;7071415;2990618;495000;180;0
Filter/Blur-5x5.pgm;5x5;1280x960;11038915;4637446;494000;180;0
Filter/Blur-5x5.pgm;5x5;1600x1200;17269412;7254471;494313;180;0
Filter/Blur-5x5.pgm;5x5;2048x1536;28391440;11930843;489250;180;0
Filter/GaussianFilter-5x5.pgm;5x5;320x240;677146;265368;510750;209;0
Filter/GaussianFilter-5x5.pgm;5x5;640x480;2736275;1076300;509750;209;0
Filter/GaussianFilter-5x5.pgm;5x5;800x600;4286856;1677731;510750;209;0
Filter/GaussianFilter-5x5.pgm;5x5;1024x768;7068109;2764068;511187;209;0
Filter/GaussianFilter-5x5.pgm;5x5;1280x960;11063965;4347153;516125;209;0
Filter/GaussianFilter-5x5.pgm;5x5;1600x1200;17277718;6855265;513250;209;0
Filter/GaussianFilter-5x5.pgm;5x5;2048x1536;28434228;11131843;517375;209;0
Filter/Synthetic-5x5.pgm;5x5;320x240;683225;311643;514187;230;0
Filter/Synthetic-5x5.pgm;5x5;640x480;2752637;1295887;514562;230;0
Filter/Synthetic-5x5.pgm;5x5;800x600;4292453;1968837;517063;230;0
Filter/Synthetic-5x5.pgm;5x5;1024x768;7076459;3244071;515312;230;0
Filter/Synthetic-5x5.pgm;5x5;1280x960;11024131;5221040;510750;230;0
Filter/Synthetic-5x5.pgm;5x5;1600x1200;17318387;7949275;518313;230;0
Filter/Synthetic-5x5.pgm;5x5;2048x1536;28444671;13028112;511125;230;0
