# aarch-native-2026-02-16-13-41-51.log CFLAGS = -O3 HLFLAGS = 
Filter/Null-3x3.pgm;3x3;320x240;488855;237667;2912;63;0
Filter/Null-3x3.pgm;3x3;640x480;1995193;962462;3080;63;0
Filter/Null-3x3.pgm;3x3;800x600;3085409;1498391;2880;63;0
Filter/Null-3x3.pgm;3x3;1024x768;5059552;2459813;2938;63;0
Filter/Null-3x3.pgm;3x3;1280x960;7918938;3844715;2952;63;0
Filter/Null-3x3.pgm;3x3;1600x1200;12368751;6006637;2943;63;0
Filter/Null-3x3.pgm;3x3;2048x1536;20277215;9913066;2923;63;0
Filter/Id-3x3.pgm;3x3;320x240;488887;258712;3186;64;0
Filter/Id-3x3.pgm;3x3;640x480;1970252;1044142;3062;64;0
Filter/Id-3x3.pgm;3x3;800x600;3084116;1636473;2866;64;0
Filter/Id-3x3.pgm;3x3;1024x768;5077262;2681532;3021;64;0
Filter/Id-3x3.pgm;3x3;1280x960;7920480;4206000;2951;64;0
Filter/Id-3x3.pgm;3x3;1600x1200;12367370;6578254;2926;64;0
Filter/Id-3x3.pgm;3x3;2048x1536;20275482;10881091;2979;64;0
Filter/Blur-3x3.pgm;3x3;320x240;492874;311105;3088;72;0
Filter/Blur-3x3.pgm;3x3;640x480;1975145;1263658;3081;72;0
Filter/Blur-3x3.pgm;3x3;800x600;3084069;1960581;3028;72;0
Filter/Blur-3x3.pgm;3x3;1024x768;5065000;3215765;2978;72;0
Filter/Blur-3x3.pgm;3x3;1280x960;7919877;5029027;3031;72;0
Filter/Blur-3x3.pgm;3x3;1600x1200;12368786;7861857;2963;72;0
Filter/Blur-3x3.pgm;3x3;2048x1536;20275344;12968593;3046;72;0
Filter/GaussianFilter-3x3.pgm;3x3;320x240;488844;334317;3004;76;0
Filter/GaussianFilter-3x3.pgm;3x3;640x480;1970610;1346613;3015;76;0
Filter/GaussianFilter-3x3.pgm;3x3;800x600;3086355;2113707;2927;76;0
Filter/GaussianFilter-3x3.pgm;3x3;1024x768;5066741;3453801;3064;76;0
Filter/GaussianFilter-3x3.pgm;3x3;1280x960;7921635;5403732;3016;76;0
Filter/GaussianFilter-3x3.pgm;3x3;1600x1200;12372011;8450362;3029;76;0
Filter/GaussianFilter-3x3.pgm;3x3;2048x1536;20273625;14026087;3070;76;0
Filter/Synthetic-3x3.pgm;3x3;320x240;488974;357413;3146;90;0
Filter/Synthetic-3x3.pgm;3x3;640x480;1969748;1440821;3226;90;0
Filter/Synthetic-3x3.pgm;3x3;800x600;3083483;2254215;3169;90;0
Filter/Synthetic-3x3.pgm;3x3;1024x768;5058139;3697484;3138;90;0
Filter/Synthetic-3x3.pgm;3x3;1280x960;7919212;5781505;3231;90;0
Filter/Synthetic-3x3.pgm;3x3;1600x1200;12389659;9040928;3158;90;0
Filter/Synthetic-3x3.pgm;3x3;2048x1536;20277783;15075150;3734;90;0
Filter/Null-5x5.pgm;5x5;320x240;859322;535810;5898;155;0
Filter/Null-5x5.pgm;5x5;640x480;3494889;2182750;5454;155;0
Filter/Null-5x5.pgm;5x5;800x600;5475071;3412093;5432;155;0
Filter/Null-5x5.pgm;5x5;1024x768;9000137;5612656;5373;155;0
Filter/Null-5x5.pgm;5x5;1280x960;14101236;8779730;5410;155;0
Filter/Null-5x5.pgm;5x5;1600x1200;22028737;13724708;5943;155;0
Filter/Null-5x5.pgm;5x5;2048x1536;38481282;26166057;5502;155;0
Filter/Id-5x5.pgm;5x5;320x240;859670;556163;6083;156;0
Filter/Id-5x5.pgm;5x5;640x480;3494417;2264715;5432;156;0
Filter/Id-5x5.pgm;5x5;800x600;5475443;3540286;5312;156;0
Filter/Id-5x5.pgm;5x5;1024x768;8999639;5823243;5405;156;0
Filter/Id-5x5.pgm;5x5;1280x960;14081956;9107221;5365;156;0
Filter/Id-5x5.pgm;5x5;1600x1200;22023262;14242736;6302;156;0
Filter/Id-5x5.pgm;5x5;2048x1536;38386989;26515652;5425;156;0
Filter/Blur-5x5.pgm;5x5;320x240;859799;687052;5482;180;0
Filter/Blur-5x5.pgm;5x5;640x480;3494032;2791054;5471;180;0
Filter/Blur-5x5.pgm;5x5;800x600;5475820;4362859;5453;180;0
Filter/Blur-5x5.pgm;5x5;1024x768;8998956;7169101;5517;180;0
Filter/Blur-5x5.pgm;5x5;1280x960;14078874;11239965;5419;180;0
Filter/Blur-5x5.pgm;5x5;1600x1200;22018992;17561329;5563;180;0
Filter/Blur-5x5.pgm;5x5;2048x1536;38519166;37508036;5449;180;0
Filter/GaussianFilter-5x5.pgm;5x5;320x240;859656;765480;5796;209;0
Filter/GaussianFilter-5x5.pgm;5x5;640x480;3494344;3171217;5810;209;0
Filter/GaussianFilter-5x5.pgm;5x5;800x600;5512802;4886048;5817;209;0
Filter/GaussianFilter-5x5.pgm;5x5;1024x768;8999533;8047194;5765;209;0
Filter/GaussianFilter-5x5.pgm;5x5;1280x960;14083081;12543498;5835;209;0
Filter/GaussianFilter-5x5.pgm;5x5;1600x1200;22021918;19644310;5753;209;0
Filter/GaussianFilter-5x5.pgm;5x5;2048x1536;38460708;42607604;5724;209;0
Filter/Synthetic-5x5.pgm;5x5;320x240;859377;752080;6595;230;0
Filter/Synthetic-5x5.pgm;5x5;640x480;3494048;3060418;5899;230;0
Filter/Synthetic-5x5.pgm;5x5;800x600;5476163;4785402;5892;230;0
Filter/Synthetic-5x5.pgm;5x5;1024x768;8997322;7879467;5928;230;0
Filter/Synthetic-5x5.pgm;5x5;1280x960;14082470;12321353;5899;230;0
Filter/Synthetic-5x5.pgm;5x5;1600x1200;22028413;19271205;6445;230;0
Filter/Synthetic-5x5.pgm;5x5;2048x1536;38364736;40515088;5957;230;0
