# riscv-qemu-2026-02-16-12-55-42.log CFLAGS = -O3  HLFLAGS = 
Filter/Null-3x3.pgm;3x3;320x240;8726339;6614581;12692157;97;0
Filter/Null-3x3.pgm;3x3;640x480;34995027;26738040;12631272;97;0
Filter/Null-3x3.pgm;3x3;800x600;54648598;41677619;12612943;97;0
Filter/Null-3x3.pgm;3x3;1024x768;89505378;68587396;12757363;97;0
Filter/Null-3x3.pgm;3x3;1280x960;140701248;106848013;12703335;97;0
Filter/Null-3x3.pgm;3x3;1600x1200;217672722;167417560;12645135;97;0
Filter/Null-3x3.pgm;3x3;2048x1536;361048767;274465241;12726298;97;0
Filter/Id-3x3.pgm;3x3;320x240;8845240;6883294;12732113;98;0
Filter/Id-3x3.pgm;3x3;640x480;35502407;26545579;12604349;98;0
Filter/Id-3x3.pgm;3x3;800x600;55518137;42196953;12635016;98;0
Filter/Id-3x3.pgm;3x3;1024x768;93285151;68811785;13005675;98;0
Filter/Id-3x3.pgm;3x3;1280x960;146067676;107547579;12894098;98;0
Filter/Id-3x3.pgm;3x3;1600x1200;229808731;167407594;12960276;98;0
Filter/Id-3x3.pgm;3x3;2048x1536;363903123;273633854;12667056;98;0
Filter/Blur-3x3.pgm;3x3;320x240;8865974;7464195;12754047;105;0
Filter/Blur-3x3.pgm;3x3;640x480;35446961;30047030;12663742;105;0
Filter/Blur-3x3.pgm;3x3;800x600;55391627;47070279;12552921;105;0
Filter/Blur-3x3.pgm;3x3;1024x768;90718807;77529830;12539613;105;0
Filter/Blur-3x3.pgm;3x3;1280x960;141963534;121252930;13268190;105;0
Filter/Blur-3x3.pgm;3x3;1600x1200;222390623;189042349;12533954;105;0
Filter/Blur-3x3.pgm;3x3;2048x1536;363692286;308771396;12416752;105;0
Filter/GaussianFilter-3x3.pgm;3x3;320x240;8097502;7727596;12559020;115;0
Filter/GaussianFilter-3x3.pgm;3x3;640x480;32407575;31238292;12537606;115;0
Filter/GaussianFilter-3x3.pgm;3x3;800x600;53290859;48997593;12960843;115;0
Filter/GaussianFilter-3x3.pgm;3x3;1024x768;87271655;79973098;13015465;115;0
Filter/GaussianFilter-3x3.pgm;3x3;1280x960;135875313;126002690;12985464;115;0
Filter/GaussianFilter-3x3.pgm;3x3;1600x1200;203834838;195001468;12707466;115;0
Filter/GaussianFilter-3x3.pgm;3x3;2048x1536;335459131;320641675;12578508;115;0
Filter/Synthetic-3x3.pgm;3x3;320x240;8106750;8318771;12700780;123;0
Filter/Synthetic-3x3.pgm;3x3;640x480;32496003;32136013;12690407;123;0
Filter/Synthetic-3x3.pgm;3x3;800x600;50757282;50192786;12674200;123;0
Filter/Synthetic-3x3.pgm;3x3;1024x768;83617917;82486490;12670538;123;0
Filter/Synthetic-3x3.pgm;3x3;1280x960;130468683;129233872;12792641;123;0
Filter/Synthetic-3x3.pgm;3x3;1600x1200;211412655;204169772;12903029;123;0
Filter/Synthetic-3x3.pgm;3x3;2048x1536;350066660;334351513;12860290;123;0
Filter/Null-5x5.pgm;5x5;320x240;16714273;9496708;26823806;207;0
Filter/Null-5x5.pgm;5x5;640x480;70448366;38634096;27278789;207;0
Filter/Null-5x5.pgm;5x5;800x600;106000286;60039652;26792123;207;0
Filter/Null-5x5.pgm;5x5;1024x768;174622940;98505978;26866887;207;0
Filter/Null-5x5.pgm;5x5;1280x960;272707689;161192439;26766804;207;0
Filter/Null-5x5.pgm;5x5;1600x1200;426367325;241451986;27157335;207;0
Filter/Null-5x5.pgm;5x5;2048x1536;722287264;400832352;27601123;207;0
Filter/Id-5x5.pgm;5x5;320x240;16841341;9571589;26860435;208;0
Filter/Id-5x5.pgm;5x5;640x480;68178391;38773975;27106067;208;0
Filter/Id-5x5.pgm;5x5;800x600;106731020;60656734;26825088;208;0
Filter/Id-5x5.pgm;5x5;1024x768;175432772;99882495;26903925;208;0
Filter/Id-5x5.pgm;5x5;1280x960;274739669;156227976;26974337;208;0
Filter/Id-5x5.pgm;5x5;1600x1200;429375864;244697111;26849354;208;0
Filter/Id-5x5.pgm;5x5;2048x1536;704968380;401297441;26904433;208;0
Filter/Blur-5x5.pgm;5x5;320x240;16950599;12192575;26855240;231;0
Filter/Blur-5x5.pgm;5x5;640x480;68045235;49525452;26827814;231;0
Filter/Blur-5x5.pgm;5x5;800x600;106839163;77583817;26848361;231;0
Filter/Blur-5x5.pgm;5x5;1024x768;175493747;132117058;27655473;231;0
Filter/Blur-5x5.pgm;5x5;1280x960;274327378;199969295;27388647;231;0
Filter/Blur-5x5.pgm;5x5;1600x1200;429523866;312328150;26826218;231;0
Filter/Blur-5x5.pgm;5x5;2048x1536;704865827;514816541;26949188;231;0
Filter/GaussianFilter-5x5.pgm;5x5;320x240;15741264;13393150;27676034;273;0
Filter/GaussianFilter-5x5.pgm;5x5;640x480;63611300;53974046;27568881;273;0
Filter/GaussianFilter-5x5.pgm;5x5;800x600;104087059;85417064;28466547;273;0
Filter/GaussianFilter-5x5.pgm;5x5;1024x768;164105602;138935748;27653938;273;0
Filter/GaussianFilter-5x5.pgm;5x5;1280x960;256111752;217517772;27485195;273;0
Filter/GaussianFilter-5x5.pgm;5x5;1600x1200;415979088;343206509;28449452;273;0
Filter/GaussianFilter-5x5.pgm;5x5;2048x1536;659443911;558442221;27458565;273;0
Filter/Synthetic-5x5.pgm;5x5;320x240;16347258;13745757;28447653;281;0
Filter/Synthetic-5x5.pgm;5x5;640x480;63716609;56365405;27710887;281;0
Filter/Synthetic-5x5.pgm;5x5;800x600;99634724;86420274;27700706;281;0
Filter/Synthetic-5x5.pgm;5x5;1024x768;164169705;142550239;27659430;281;0
Filter/Synthetic-5x5.pgm;5x5;1280x960;256292466;222957820;27767180;281;0
Filter/Synthetic-5x5.pgm;5x5;1600x1200;400603960;348699277;27640963;281;0
Filter/Synthetic-5x5.pgm;5x5;2048x1536;682240729;577863477;28003672;281;0
