# aarch-qemu-2026-02-02-18-08-06.log CFLAGS = -O3  HLFLAGS = 
Filter/Null-3x3.pgm;3x3;320x240;14127500;5821875;253625;64;0
Filter/Null-3x3.pgm;3x3;640x480;57043250;23686813;254500;64;0
Filter/Null-3x3.pgm;3x3;800x600;89228438;36733813;254688;64;0
Filter/Null-3x3.pgm;3x3;1024x768;146357375;60257062;252750;64;0
Filter/Null-3x3.pgm;3x3;1280x960;228440813;96483313;252250;64;0
Filter/Null-3x3.pgm;3x3;1600x1200;356762063;146852000;250500;64;0
Filter/Null-3x3.pgm;3x3;2048x1536;587109187;243820125;254813;64;0
Filter/Id-3x3.pgm;3x3;320x240;14334125;5891688;274750;65;0
Filter/Id-3x3.pgm;3x3;640x480;57427187;26831938;264438;65;0
Filter/Id-3x3.pgm;3x3;800x600;89824688;36968250;255813;65;0
Filter/Id-3x3.pgm;3x3;1024x768;153268187;62505937;266625;65;0
Filter/Id-3x3.pgm;3x3;1280x960;244317250;97608250;264437;65;0
Filter/Id-3x3.pgm;3x3;1600x1200;359694812;154310312;254375;65;0
Filter/Id-3x3.pgm;3x3;2048x1536;591348812;241849813;256750;65;0
Filter/Blur-3x3.pgm;3x3;320x240;15091750;8180000;270437;73;0
Filter/Blur-3x3.pgm;3x3;640x480;57187437;31954750;251500;73;0
Filter/Blur-3x3.pgm;3x3;800x600;89366562;49951625;248375;73;0
Filter/Blur-3x3.pgm;3x3;1024x768;156458875;84857750;267312;73;0
Filter/Blur-3x3.pgm;3x3;1280x960;230004187;130134937;250500;73;0
Filter/Blur-3x3.pgm;3x3;1600x1200;363661625;200288688;251250;73;0
Filter/Blur-3x3.pgm;3x3;2048x1536;629572500;340329750;269500;73;0
Filter/GaussianFilter-3x3.pgm;3x3;320x240;15047500;6764500;260188;77;0
Filter/GaussianFilter-3x3.pgm;3x3;640x480;60336188;27603000;271063;77;0
Filter/GaussianFilter-3x3.pgm;3x3;800x600;89322937;41867938;255250;77;0
Filter/GaussianFilter-3x3.pgm;3x3;1024x768;147299500;67890125;252375;77;0
Filter/GaussianFilter-3x3.pgm;3x3;1280x960;241182125;108296000;256375;77;0
Filter/GaussianFilter-3x3.pgm;3x3;1600x1200;359323438;166098312;255438;77;0
Filter/GaussianFilter-3x3.pgm;3x3;2048x1536;587568875;273655937;260500;77;0
Filter/Synthetic-3x3.pgm;3x3;320x240;14160500;8479688;260688;91;0
Filter/Synthetic-3x3.pgm;3x3;640x480;57049313;33993750;257875;91;0
Filter/Synthetic-3x3.pgm;3x3;800x600;89586437;53446562;266188;91;0
Filter/Synthetic-3x3.pgm;3x3;1024x768;146787438;87859125;274875;91;0
Filter/Synthetic-3x3.pgm;3x3;1280x960;230606625;137222500;268125;91;0
Filter/Synthetic-3x3.pgm;3x3;1600x1200;358853875;213531000;263188;91;0
Filter/Synthetic-3x3.pgm;3x3;2048x1536;588291125;350423812;267875;91;0
Filter/Null-5x5.pgm;5x5;320x240;27033438;8445313;547687;155;0
Filter/Null-5x5.pgm;5x5;640x480;111158125;35014000;554688;155;0
Filter/Null-5x5.pgm;5x5;800x600;174284937;54537562;546063;155;0
Filter/Null-5x5.pgm;5x5;1024x768;291703375;90413625;556375;155;0
Filter/Null-5x5.pgm;5x5;1280x960;460970250;139758750;564563;155;0
Filter/Null-5x5.pgm;5x5;1600x1200;694609937;224399125;543875;155;0
Filter/Null-5x5.pgm;5x5;2048x1536;1139903937;353671250;539313;155;0
Filter/Id-5x5.pgm;5x5;320x240;28529688;8787313;592625;156;0
Filter/Id-5x5.pgm;5x5;640x480;109909750;33861125;547437;156;0
Filter/Id-5x5.pgm;5x5;800x600;172677625;53479500;545187;156;0
Filter/Id-5x5.pgm;5x5;1024x768;283641937;87771187;546688;156;0
Filter/Id-5x5.pgm;5x5;1280x960;443774000;136676438;541500;156;0
Filter/Id-5x5.pgm;5x5;1600x1200;692947938;213324625;560500;156;0
Filter/Id-5x5.pgm;5x5;2048x1536;1138396000;348714000;530937;156;0
Filter/Blur-5x5.pgm;5x5;320x240;27053938;11634812;535250;180;0
Filter/Blur-5x5.pgm;5x5;640x480;110034375;47775063;534625;180;0
Filter/Blur-5x5.pgm;5x5;800x600;171820688;73396875;539187;180;0
Filter/Blur-5x5.pgm;5x5;1024x768;283039312;122506187;535625;180;0
Filter/Blur-5x5.pgm;5x5;1280x960;441414250;191870625;540063;180;0
Filter/Blur-5x5.pgm;5x5;1600x1200;695172937;298627813;539812;180;0
Filter/Blur-5x5.pgm;5x5;2048x1536;1142043125;490147438;539937;180;0
Filter/GaussianFilter-5x5.pgm;5x5;320x240;27249875;11136563;586062;209;0
Filter/GaussianFilter-5x5.pgm;5x5;640x480;110436437;44547188;575188;209;0
Filter/GaussianFilter-5x5.pgm;5x5;800x600;177559375;69695875;563562;209;0
Filter/GaussianFilter-5x5.pgm;5x5;1024x768;283826687;114984938;557250;209;0
Filter/GaussianFilter-5x5.pgm;5x5;1280x960;449601687;177244687;569813;209;0
Filter/GaussianFilter-5x5.pgm;5x5;1600x1200;716314437;291084063;600500;209;0
Filter/GaussianFilter-5x5.pgm;5x5;2048x1536;1185898500;459421500;571062;209;0
Filter/Synthetic-5x5.pgm;5x5;320x240;27006187;12843125;553000;230;0
Filter/Synthetic-5x5.pgm;5x5;640x480;109817188;51719687;554687;230;0
Filter/Synthetic-5x5.pgm;5x5;800x600;172316875;81146375;561437;230;0
Filter/Synthetic-5x5.pgm;5x5;1024x768;282918812;134760687;567625;230;0
Filter/Synthetic-5x5.pgm;5x5;1280x960;443530125;205161313;556562;230;0
Filter/Synthetic-5x5.pgm;5x5;1600x1200;694403688;327232937;558188;230;0
Filter/Synthetic-5x5.pgm;5x5;2048x1536;1140695375;536742813;558437;230;0
