# aarch-native-2026-02-02-18-08-32.log CFLAGS = -O3 HLFLAGS = 
Filter/Null-3x3.pgm;3x3;320x240;18442936;9385143;3454;64;0
Filter/Null-3x3.pgm;3x3;640x480;74679017;37871042;3972;64;0
Filter/Null-3x3.pgm;3x3;800x600;116901782;59183746;4511;64;0
Filter/Null-3x3.pgm;3x3;1024x768;191595423;97277665;4534;64;0
Filter/Null-3x3.pgm;3x3;1280x960;298675280;151740318;4251;64;0
Filter/Null-3x3.pgm;3x3;1600x1200;466499760;237290740;4749;64;0
Filter/Null-3x3.pgm;3x3;2048x1536;766890871;391830284;4415;64;0
Filter/Id-3x3.pgm;3x3;320x240;18445925;10213886;3640;65;0
Filter/Id-3x3.pgm;3x3;640x480;74658773;41163803;3904;65;0
Filter/Id-3x3.pgm;3x3;800x600;116904895;64367948;4524;65;0
Filter/Id-3x3.pgm;3x3;1024x768;191635271;105605176;4476;65;0
Filter/Id-3x3.pgm;3x3;1280x960;299281350;165057165;4823;65;0
Filter/Id-3x3.pgm;3x3;1600x1200;466614934;258070862;4561;65;0
Filter/Id-3x3.pgm;3x3;2048x1536;767035629;422971541;4562;65;0
Filter/Blur-3x3.pgm;3x3;320x240;18443428;12577050;3798;73;0
Filter/Blur-3x3.pgm;3x3;640x480;74702310;50648523;3958;73;0
Filter/Blur-3x3.pgm;3x3;800x600;116968983;79220152;4605;73;0
Filter/Blur-3x3.pgm;3x3;1024x768;191722348;130007030;4232;73;0
Filter/Blur-3x3.pgm;3x3;1280x960;299194586;203106990;4512;73;0
Filter/Blur-3x3.pgm;3x3;1600x1200;466733780;317480157;4615;73;0
Filter/Blur-3x3.pgm;3x3;2048x1536;767303334;524481136;4628;73;0
Filter/GaussianFilter-3x3.pgm;3x3;320x240;18442409;13449214;3798;77;0
Filter/GaussianFilter-3x3.pgm;3x3;640x480;74661736;54174794;3977;77;0
Filter/GaussianFilter-3x3.pgm;3x3;800x600;116934971;84688165;5098;77;0
Filter/GaussianFilter-3x3.pgm;3x3;1024x768;191676336;139087070;4539;77;0
Filter/GaussianFilter-3x3.pgm;3x3;1280x960;299040253;217446998;4585;77;0
Filter/GaussianFilter-3x3.pgm;3x3;1600x1200;466863679;339883567;5304;77;0
Filter/GaussianFilter-3x3.pgm;3x3;2048x1536;766836155;561703903;4616;77;0
Filter/Synthetic-3x3.pgm;3x3;320x240;18445268;14145233;4270;91;0
Filter/Synthetic-3x3.pgm;3x3;640x480;74653893;55392137;4277;91;0
Filter/Synthetic-3x3.pgm;3x3;800x600;116938534;87096585;4765;91;0
Filter/Synthetic-3x3.pgm;3x3;1024x768;191720227;142139522;4720;91;0
Filter/Synthetic-3x3.pgm;3x3;1280x960;299157849;221841904;4565;91;0
Filter/Synthetic-3x3.pgm;3x3;1600x1200;466601742;344919492;4713;91;0
Filter/Synthetic-3x3.pgm;3x3;2048x1536;767378622;564101481;4650;91;0
Filter/Null-5x5.pgm;5x5;320x240;35423794;21401366;6293;155;0
Filter/Null-5x5.pgm;5x5;640x480;144401186;87195848;7817;155;0
Filter/Null-5x5.pgm;5x5;800x600;226237923;136270540;6993;155;0
Filter/Null-5x5.pgm;5x5;1024x768;372250363;224288455;6381;155;0
Filter/Null-5x5.pgm;5x5;1280x960;582429069;350677017;6987;155;0
Filter/Null-5x5.pgm;5x5;1600x1200;908705277;548031553;7023;155;0
Filter/Null-5x5.pgm;5x5;2048x1536;1522429664;1035076885;7961;155;0
Filter/Id-5x5.pgm;5x5;320x240;35412114;22205412;6240;156;0
Filter/Id-5x5.pgm;5x5;640x480;144410320;90518182;7830;156;0
Filter/Id-5x5.pgm;5x5;800x600;226238740;141551121;7124;156;0
Filter/Id-5x5.pgm;5x5;1024x768;372188747;232826424;6910;156;0
Filter/Id-5x5.pgm;5x5;1280x960;582618000;363912457;6937;156;0
Filter/Id-5x5.pgm;5x5;1600x1200;908132772;568814262;7043;156;0
Filter/Id-5x5.pgm;5x5;2048x1536;1520324317;1060770833;6995;156;0
Filter/Blur-5x5.pgm;5x5;320x240;35411708;26939814;6208;180;0
Filter/Blur-5x5.pgm;5x5;640x480;144422439;110160268;7325;180;0
Filter/Blur-5x5.pgm;5x5;800x600;226245901;172638360;7772;180;0
Filter/Blur-5x5.pgm;5x5;1024x768;372416943;283125517;7564;180;0
Filter/Blur-5x5.pgm;5x5;1280x960;582982490;443025737;7006;180;0
Filter/Blur-5x5.pgm;5x5;1600x1200;908548797;693645532;7056;180;0
Filter/Blur-5x5.pgm;5x5;2048x1536;1522558368;1491469241;7362;180;0
Filter/GaussianFilter-5x5.pgm;5x5;320x240;35409186;30582762;6505;209;0
Filter/GaussianFilter-5x5.pgm;5x5;640x480;144424790;124582270;7393;209;0
Filter/GaussianFilter-5x5.pgm;5x5;800x600;226228413;194856172;8013;209;0
Filter/GaussianFilter-5x5.pgm;5x5;1024x768;372194588;321832493;7975;209;0
Filter/GaussianFilter-5x5.pgm;5x5;1280x960;582773474;501419246;7249;209;0
Filter/GaussianFilter-5x5.pgm;5x5;1600x1200;908729606;784243533;8041;209;0
Filter/GaussianFilter-5x5.pgm;5x5;2048x1536;1520376260;1694799173;7949;209;0
Filter/Synthetic-5x5.pgm;5x5;320x240;35413770;29370928;6694;230;0
Filter/Synthetic-5x5.pgm;5x5;640x480;144431986;119975096;7048;230;0
Filter/Synthetic-5x5.pgm;5x5;800x600;226224511;187324395;7742;230;0
Filter/Synthetic-5x5.pgm;5x5;1024x768;372209881;310026501;7563;230;0
Filter/Synthetic-5x5.pgm;5x5;1280x960;582696032;482828192;7493;230;0
Filter/Synthetic-5x5.pgm;5x5;1600x1200;908647467;756781008;7504;230;0
Filter/Synthetic-5x5.pgm;5x5;2048x1536;1522257572;1599353967;7500;230;0
